\BOOKMARK [1][-]{section.0}{\376\377\000I\000n\000t\000r\000o\000d\000u\000c\000t\000i\000o\000n}{}% 1
\BOOKMARK [1][-]{section.1}{\376\377\000D\000i\000f\000f\000e\000r\000e\000n\000t\000i\000a\000t\000i\000o\000n}{}% 2
\BOOKMARK [2][-]{subsection.1.1}{\376\377\000D\000e\000f\000i\000n\000i\000t\000i\000o\000n\000\040\000o\000f\000\040\000t\000h\000e\000\040\000d\000e\000r\000i\000v\000a\000t\000i\000v\000e}{section.1}% 3
\BOOKMARK [2][-]{subsection.1.2}{\376\377\000S\000m\000a\000l\000l\000\040\000o\000\040\000a\000n\000d\000\040\000b\000i\000g\000\040\000O\000\040\000n\000o\000t\000a\000t\000i\000o\000n\000s}{section.1}% 4
\BOOKMARK [2][-]{subsection.1.3}{\376\377\000M\000e\000t\000h\000o\000d\000s\000\040\000o\000f\000\040\000d\000i\000f\000f\000e\000r\000e\000n\000t\000i\000a\000t\000i\000o\000n}{section.1}% 5
\BOOKMARK [2][-]{subsection.1.4}{\376\377\000T\000a\000y\000l\000o\000r\000'\000s\000\040\000t\000h\000e\000o\000r\000e\000m}{section.1}% 6
\BOOKMARK [2][-]{subsection.1.5}{\376\377\000L\000'\000H\000\364\000p\000i\000t\000a\000l\000'\000s\000\040\000r\000u\000l\000e}{section.1}% 7
\BOOKMARK [1][-]{section.2}{\376\377\000I\000n\000t\000e\000g\000r\000a\000t\000i\000o\000n}{}% 8
\BOOKMARK [2][-]{subsection.2.1}{\376\377\000D\000e\000f\000i\000n\000i\000t\000i\000o\000n\000\040\000o\000f\000\040\000t\000h\000e\000\040\000i\000n\000t\000e\000g\000r\000a\000l}{section.2}% 9
\BOOKMARK [2][-]{subsection.2.2}{\376\377\000M\000e\000t\000h\000o\000d\000s\000\040\000o\000f\000\040\000i\000n\000t\000e\000g\000r\000a\000t\000i\000o\000n}{section.2}% 10
\BOOKMARK [1][-]{section.3}{\376\377\000P\000a\000r\000t\000i\000a\000l\000\040\000d\000i\000f\000f\000e\000r\000e\000n\000t\000i\000a\000t\000i\000o\000n}{}% 11
\BOOKMARK [2][-]{subsection.3.1}{\376\377\000D\000e\000f\000i\000n\000i\000t\000i\000o\000n\000\040\000a\000n\000d\000\040\000n\000o\000t\000a\000t\000i\000o\000n}{section.3}% 12
\BOOKMARK [2][-]{subsection.3.2}{\376\377\000C\000h\000a\000i\000n\000\040\000r\000u\000l\000e}{section.3}% 13
\BOOKMARK [2][-]{subsection.3.3}{\376\377\000I\000m\000p\000l\000i\000c\000i\000t\000\040\000d\000i\000f\000f\000e\000r\000e\000n\000t\000i\000a\000t\000i\000o\000n}{section.3}% 14
\BOOKMARK [2][-]{subsection.3.4}{\376\377\000D\000i\000f\000f\000e\000r\000e\000n\000t\000i\000a\000t\000i\000o\000n\000\040\000o\000f\000\040\000a\000n\000\040\000i\000n\000t\000e\000g\000r\000a\000l\000\040\000w\000i\000t\000h\000\040\000r\000e\000s\000p\000e\000c\000t\000\040\000t\000o\000\040\000a\000\040\000p\000a\000r\000a\000m\000e\000t\000e\000r}{section.3}% 15
\BOOKMARK [1][-]{section.4}{\376\377\000F\000i\000r\000s\000t\000-\000o\000r\000d\000e\000r\000\040\000d\000i\000f\000f\000e\000r\000e\000n\000t\000i\000a\000l\000\040\000e\000q\000u\000a\000t\000i\000o\000n\000s}{}% 16
\BOOKMARK [2][-]{subsection.4.1}{\376\377\000T\000h\000e\000\040\000e\000x\000p\000o\000n\000e\000n\000t\000i\000a\000l\000\040\000f\000u\000n\000c\000t\000i\000o\000n}{section.4}% 17
\BOOKMARK [2][-]{subsection.4.2}{\376\377\000H\000o\000m\000o\000g\000e\000n\000e\000o\000u\000s\000\040\000l\000i\000n\000e\000a\000r\000\040\000o\000r\000d\000i\000n\000a\000r\000y\000\040\000d\000i\000f\000f\000e\000r\000e\000n\000t\000i\000a\000l\000\040\000e\000q\000u\000a\000t\000i\000o\000n\000s}{section.4}% 18
\BOOKMARK [2][-]{subsection.4.3}{\376\377\000F\000o\000r\000c\000e\000d\000\040\000\050\000i\000n\000h\000o\000m\000o\000g\000e\000n\000e\000o\000u\000s\000\051\000\040\000e\000q\000u\000a\000t\000i\000o\000n\000s}{section.4}% 19
\BOOKMARK [3][-]{subsubsection.4.3.1}{\376\377\000C\000o\000n\000s\000t\000a\000n\000t\000\040\000f\000o\000r\000c\000i\000n\000g}{subsection.4.3}% 20
\BOOKMARK [3][-]{subsubsection.4.3.2}{\376\377\000E\000i\000g\000e\000n\000f\000u\000n\000c\000t\000i\000o\000n\000\040\000f\000o\000r\000c\000i\000n\000g}{subsection.4.3}% 21
\BOOKMARK [2][-]{subsection.4.4}{\376\377\000N\000o\000n\000-\000c\000o\000n\000s\000t\000a\000n\000t\000\040\000c\000o\000e\000f\000f\000i\000c\000i\000e\000n\000t\000s\000:\000\040\000i\000n\000t\000e\000g\000r\000a\000t\000i\000n\000g\000\040\000f\000a\000c\000t\000o\000r\000s}{section.4}% 22
\BOOKMARK [2][-]{subsection.4.5}{\376\377\000N\000o\000n\000-\000l\000i\000n\000e\000a\000r\000\040\000e\000q\000u\000a\000t\000i\000o\000n\000s}{section.4}% 23
\BOOKMARK [3][-]{subsubsection.4.5.1}{\376\377\000S\000e\000p\000a\000r\000a\000b\000l\000e\000\040\000e\000q\000u\000a\000t\000i\000o\000n\000s}{subsection.4.5}% 24
\BOOKMARK [3][-]{subsubsection.4.5.2}{\376\377\000E\000x\000a\000c\000t\000\040\000e\000q\000u\000a\000t\000i\000o\000n\000s}{subsection.4.5}% 25
\BOOKMARK [2][-]{subsection.4.6}{\376\377\000S\000o\000l\000u\000t\000i\000o\000n\000\040\000c\000u\000r\000v\000e\000s\000\040\000\050\000t\000r\000a\000j\000e\000c\000t\000o\000r\000i\000e\000s\000\051}{section.4}% 26
\BOOKMARK [2][-]{subsection.4.7}{\376\377\000F\000i\000x\000e\000d\000\040\000\050\000e\000q\000u\000i\000l\000i\000b\000r\000i\000u\000m\000\051\000\040\000p\000o\000i\000n\000t\000s\000\040\000a\000n\000d\000\040\000s\000t\000a\000b\000i\000l\000i\000t\000y}{section.4}% 27
\BOOKMARK [3][-]{subsubsection.4.7.1}{\376\377\000P\000e\000r\000t\000u\000r\000b\000a\000t\000i\000o\000n\000\040\000a\000n\000a\000l\000y\000s\000i\000s}{subsection.4.7}% 28
\BOOKMARK [3][-]{subsubsection.4.7.2}{\376\377\000A\000u\000t\000o\000n\000o\000m\000o\000u\000s\000\040\000s\000y\000s\000t\000e\000m\000s}{subsection.4.7}% 29
\BOOKMARK [3][-]{subsubsection.4.7.3}{\376\377\000L\000o\000g\000i\000s\000t\000i\000c\000\040\000E\000q\000u\000a\000t\000i\000o\000n}{subsection.4.7}% 30
\BOOKMARK [2][-]{subsection.4.8}{\376\377\000D\000i\000s\000c\000r\000e\000t\000e\000\040\000e\000q\000u\000a\000t\000i\000o\000n\000s\000\040\000\050\000D\000i\000f\000f\000e\000r\000e\000n\000c\000e\000\040\000e\000q\000u\000a\000t\000i\000o\000n\000s\000\051}{section.4}% 31
\BOOKMARK [1][-]{section.5}{\376\377\000S\000e\000c\000o\000n\000d\000-\000o\000r\000d\000e\000r\000\040\000d\000i\000f\000f\000e\000r\000e\000n\000t\000i\000a\000l\000\040\000e\000q\000u\000a\000t\000i\000o\000n\000s}{}% 32
\BOOKMARK [2][-]{subsection.5.1}{\376\377\000C\000o\000n\000s\000t\000a\000n\000t\000\040\000c\000o\000e\000f\000f\000i\000c\000i\000e\000n\000t\000s}{section.5}% 33
\BOOKMARK [3][-]{subsubsection.5.1.1}{\376\377\000C\000o\000m\000p\000l\000e\000m\000e\000n\000t\000a\000r\000y\000\040\000f\000u\000n\000c\000t\000i\000o\000n\000s}{subsection.5.1}% 34
\BOOKMARK [3][-]{subsubsection.5.1.2}{\376\377\000S\000e\000c\000o\000n\000d\000\040\000c\000o\000m\000p\000l\000e\000m\000e\000n\000t\000a\000r\000y\000\040\000f\000u\000n\000c\000t\000i\000o\000n\000\040\000\050\000r\000e\000d\000u\000c\000t\000i\000o\000n\000\040\000o\000f\000\040\000o\000r\000d\000e\000r\000\051}{subsection.5.1}% 35
\BOOKMARK [3][-]{subsubsection.5.1.3}{\376\377\000P\000h\000a\000s\000e\000\040\000s\000p\000a\000c\000e}{subsection.5.1}% 36
\BOOKMARK [2][-]{subsection.5.2}{\376\377\000P\000a\000r\000t\000i\000c\000u\000l\000a\000r\000\040\000i\000n\000t\000e\000g\000r\000a\000l\000s}{section.5}% 37
\BOOKMARK [3][-]{subsubsection.5.2.1}{\376\377\000G\000u\000e\000s\000s\000i\000n\000g\000\040\000\050\000m\000e\000t\000h\000o\000d\000\040\000o\000f\000\040\000u\000n\000d\000e\000t\000e\000r\000m\000i\000n\000e\000d\000\040\000c\000o\000e\000f\000f\000i\000c\000i\000e\000n\000t\000s\000\051}{subsection.5.2}% 38
\BOOKMARK [3][-]{subsubsection.5.2.2}{\376\377\000R\000e\000s\000o\000n\000a\000n\000c\000e}{subsection.5.2}% 39
\BOOKMARK [3][-]{subsubsection.5.2.3}{\376\377\000V\000a\000r\000i\000a\000t\000i\000o\000n\000\040\000o\000f\000\040\000p\000a\000r\000a\000m\000e\000t\000e\000r\000s}{subsection.5.2}% 40
\BOOKMARK [2][-]{subsection.5.3}{\376\377\000L\000i\000n\000e\000a\000r\000\040\000e\000q\000u\000i\000d\000i\000m\000e\000n\000s\000i\000o\000n\000a\000l\000\040\000e\000q\000u\000a\000t\000i\000o\000n\000s}{section.5}% 41
\BOOKMARK [3][-]{subsubsection.5.3.1}{\376\377\000S\000o\000l\000v\000i\000n\000g\000\040\000b\000y\000\040\000e\000i\000g\000e\000n\000f\000u\000n\000c\000t\000i\000o\000n\000s}{subsection.5.3}% 42
\BOOKMARK [3][-]{subsubsection.5.3.2}{\376\377\000S\000o\000l\000v\000i\000n\000g\000\040\000b\000y\000\040\000s\000u\000b\000s\000t\000i\000t\000u\000t\000i\000o\000n}{subsection.5.3}% 43
\BOOKMARK [3][-]{subsubsection.5.3.3}{\376\377\000D\000e\000g\000e\000n\000e\000r\000a\000t\000e\000\040\000c\000a\000s\000e}{subsection.5.3}% 44
\BOOKMARK [2][-]{subsection.5.4}{\376\377\000D\000i\000f\000f\000e\000r\000e\000n\000c\000e\000\040\000e\000q\000u\000a\000t\000i\000o\000n\000s}{section.5}% 45
\BOOKMARK [2][-]{subsection.5.5}{\376\377\000T\000r\000a\000n\000s\000i\000e\000n\000t\000s\000\040\000a\000n\000d\000\040\000d\000a\000m\000p\000i\000n\000g}{section.5}% 46
\BOOKMARK [3][-]{subsubsection.5.5.1}{\376\377\000F\000r\000e\000e\000\040\000r\000e\000s\000p\000o\000n\000s\000e}{subsection.5.5}% 47
\BOOKMARK [3][-]{subsubsection.5.5.2}{\376\377\000F\000o\000r\000c\000e\000d\000\040\000r\000e\000s\000p\000o\000n\000s\000e}{subsection.5.5}% 48
\BOOKMARK [2][-]{subsection.5.6}{\376\377\000I\000m\000p\000u\000l\000s\000e\000s\000\040\000a\000n\000d\000\040\000p\000o\000i\000n\000t\000\040\000f\000o\000r\000c\000e\000s}{section.5}% 49
\BOOKMARK [3][-]{subsubsection.5.6.1}{\376\377\000D\000i\000r\000a\000c\000\040\000d\000e\000l\000t\000a\000\040\000f\000u\000n\000c\000t\000i\000o\000n}{subsection.5.6}% 50
\BOOKMARK [3][-]{subsubsection.5.6.2}{\376\377\000H\000e\000a\000v\000i\000s\000i\000d\000e\000\040\000s\000t\000e\000p\000\040\000f\000u\000n\000c\000t\000i\000o\000n}{subsection.5.6}% 51
\BOOKMARK [1][-]{section.6}{\376\377\000S\000e\000r\000i\000e\000s\000\040\000s\000o\000l\000u\000t\000i\000o\000n\000s}{}% 52
\BOOKMARK [2][-]{subsubsection.6.0.1}{\376\377\000O\000r\000d\000i\000n\000a\000r\000y\000\040\000p\000o\000i\000n\000t\000s}{section.6}% 53
\BOOKMARK [3][-]{subsubsection.6.0.2}{\376\377\000R\000e\000g\000u\000l\000a\000r\000\040\000s\000i\000n\000g\000u\000l\000a\000r\000\040\000p\000o\000i\000n\000t\000s}{subsubsection.6.0.1}% 54
\BOOKMARK [3][-]{subsubsection.6.0.3}{\376\377\000R\000e\000s\000o\000n\000a\000n\000c\000e\000\040\000o\000f\000\040\000s\000o\000l\000u\000t\000i\000o\000n\000s}{subsubsection.6.0.1}% 55
\BOOKMARK [1][-]{section.7}{\376\377\000D\000i\000r\000e\000c\000t\000i\000o\000n\000a\000l\000\040\000d\000e\000r\000i\000v\000a\000t\000i\000v\000e}{}% 56
\BOOKMARK [2][-]{subsection.7.1}{\376\377\000G\000r\000a\000d\000i\000e\000n\000t\000\040\000v\000e\000c\000t\000o\000r}{section.7}% 57
\BOOKMARK [2][-]{subsection.7.2}{\376\377\000S\000t\000a\000t\000i\000o\000n\000a\000r\000y\000\040\000p\000o\000i\000n\000t\000s}{section.7}% 58
\BOOKMARK [2][-]{subsection.7.3}{\376\377\000T\000a\000y\000l\000o\000r\000\040\000s\000e\000r\000i\000e\000s\000\040\000f\000o\000r\000\040\000m\000u\000l\000t\000i\000-\000v\000a\000r\000i\000a\000b\000l\000e\000\040\000f\000u\000n\000c\000t\000i\000o\000n\000s}{section.7}% 59
\BOOKMARK [2][-]{subsection.7.4}{\376\377\000C\000l\000a\000s\000s\000i\000f\000i\000c\000a\000t\000i\000o\000n\000\040\000o\000f\000\040\000s\000t\000a\000t\000i\000o\000n\000a\000r\000y\000\040\000p\000o\000i\000n\000t\000s}{section.7}% 60
\BOOKMARK [2][-]{subsection.7.5}{\376\377\000C\000o\000n\000t\000o\000u\000r\000s\000\040\000o\000f\000\040\000f\000\050\000x\000,\000\040\000y\000\051}{section.7}% 61
\BOOKMARK [1][-]{section.8}{\376\377\000S\000y\000s\000t\000e\000m\000s\000\040\000o\000f\000\040\000d\000i\000f\000f\000e\000r\000e\000n\000t\000i\000a\000l\000\040\000e\000q\000u\000a\000t\000i\000o\000n\000s}{}% 62
\BOOKMARK [2][-]{subsection.8.1}{\376\377\000L\000i\000n\000e\000a\000r\000\040\000s\000y\000s\000t\000e\000m\000s}{section.8}% 63
\BOOKMARK [3][-]{subsubsection.8.1.1}{\376\377\000S\000o\000l\000u\000t\000i\000o\000n\000\040\000b\000y\000\040\000e\000i\000g\000e\000n\000v\000a\000l\000u\000e\000s}{subsection.8.1}% 64
\BOOKMARK [3][-]{subsubsection.8.1.2}{\376\377\000C\000l\000a\000s\000s\000i\000f\000i\000c\000a\000t\000i\000o\000n\000\040\000o\000f\000\040\000p\000h\000a\000s\000e\000\040\000p\000o\000r\000t\000r\000a\000i\000t\000s}{subsection.8.1}% 65
\BOOKMARK [2][-]{subsection.8.2}{\376\377\000N\000o\000n\000l\000i\000n\000e\000a\000r\000\040\000d\000y\000n\000a\000m\000i\000c\000a\000l\000\040\000s\000y\000s\000t\000e\000m\000s}{section.8}% 66
\BOOKMARK [3][-]{subsubsection.8.2.1}{\376\377\000L\000i\000n\000e\000a\000r\000i\000z\000a\000t\000i\000o\000n}{subsection.8.2}% 67
\BOOKMARK [1][-]{section.9}{\376\377\000P\000a\000r\000t\000i\000a\000l\000\040\000d\000i\000f\000f\000e\000r\000e\000n\000t\000i\000a\000l\000\040\000e\000q\000u\000a\000t\000i\000o\000n\000s\000\040\000\050\000P\000D\000E\000s\000\051}{}% 68
\BOOKMARK [2][-]{subsection.9.1}{\376\377\000F\000i\000r\000s\000t\000-\000o\000r\000d\000e\000r\000\040\000w\000a\000v\000e\000\040\000e\000q\000u\000a\000t\000i\000o\000n}{section.9}% 69
\BOOKMARK [2][-]{subsection.9.2}{\376\377\000S\000e\000c\000o\000n\000d\000-\000o\000r\000d\000e\000r\000\040\000w\000a\000v\000e\000\040\000e\000q\000u\000a\000t\000i\000o\000n}{section.9}% 70
\BOOKMARK [2][-]{subsection.9.3}{\376\377\000T\000h\000e\000\040\000d\000i\000f\000f\000u\000s\000i\000o\000n\000\040\000e\000q\000u\000a\000t\000i\000o\000n}{section.9}% 71
