\BOOKMARK [1][-]{section.0}{\376\377\000I\000n\000t\000r\000o\000d\000u\000c\000t\000i\000o\000n}{}% 1
\BOOKMARK [1][-]{section.1}{\376\377\000G\000r\000o\000u\000p\000s\000\040\000a\000n\000d\000\040\000h\000o\000m\000o\000m\000o\000r\000p\000h\000i\000s\000m\000s}{}% 2
\BOOKMARK [2][-]{subsection.1.1}{\376\377\000G\000r\000o\000u\000p\000s}{section.1}% 3
\BOOKMARK [2][-]{subsection.1.2}{\376\377\000H\000o\000m\000o\000m\000o\000r\000p\000h\000i\000s\000m\000s}{section.1}% 4
\BOOKMARK [2][-]{subsection.1.3}{\376\377\000C\000y\000c\000l\000i\000c\000\040\000g\000r\000o\000u\000p\000s}{section.1}% 5
\BOOKMARK [2][-]{subsection.1.4}{\376\377\000D\000i\000h\000e\000d\000r\000a\000l\000\040\000g\000r\000o\000u\000p\000s}{section.1}% 6
\BOOKMARK [2][-]{subsection.1.5}{\376\377\000D\000i\000r\000e\000c\000t\000\040\000p\000r\000o\000d\000u\000c\000t\000s\000\040\000o\000f\000\040\000g\000r\000o\000u\000p\000s}{section.1}% 7
\BOOKMARK [1][-]{section.2}{\376\377\000S\000y\000m\000m\000e\000t\000r\000i\000c\000\040\000g\000r\000o\000u\000p\000\040\000I}{}% 8
\BOOKMARK [2][-]{subsection.2.1}{\376\377\000S\000y\000m\000m\000e\000t\000r\000i\000c\000\040\000g\000r\000o\000u\000p\000s}{section.2}% 9
\BOOKMARK [2][-]{subsection.2.2}{\376\377\000S\000i\000g\000n\000\040\000o\000f\000\040\000p\000e\000r\000m\000u\000t\000a\000t\000i\000o\000n\000s}{section.2}% 10
\BOOKMARK [1][-]{section.3}{\376\377\000L\000a\000g\000r\000a\000n\000g\000e\000'\000s\000\040\000T\000h\000e\000o\000r\000e\000m}{}% 11
\BOOKMARK [2][-]{subsection.3.1}{\376\377\000S\000m\000a\000l\000l\000\040\000g\000r\000o\000u\000p\000s}{section.3}% 12
\BOOKMARK [2][-]{subsection.3.2}{\376\377\000L\000e\000f\000t\000\040\000a\000n\000d\000\040\000r\000i\000g\000h\000t\000\040\000c\000o\000s\000e\000t\000s}{section.3}% 13
\BOOKMARK [1][-]{section.4}{\376\377\000Q\000u\000o\000t\000i\000e\000n\000t\000\040\000g\000r\000o\000u\000p\000s}{}% 14
\BOOKMARK [2][-]{subsection.4.1}{\376\377\000N\000o\000r\000m\000a\000l\000\040\000s\000u\000b\000g\000r\000o\000u\000p\000s}{section.4}% 15
\BOOKMARK [2][-]{subsection.4.2}{\376\377\000Q\000u\000o\000t\000i\000e\000n\000t\000\040\000g\000r\000o\000u\000p\000s}{section.4}% 16
\BOOKMARK [2][-]{subsection.4.3}{\376\377\000T\000h\000e\000\040\000I\000s\000o\000m\000o\000r\000p\000h\000i\000s\000m\000\040\000T\000h\000e\000o\000r\000e\000m}{section.4}% 17
\BOOKMARK [1][-]{section.5}{\376\377\000G\000r\000o\000u\000p\000\040\000a\000c\000t\000i\000o\000n\000s}{}% 18
\BOOKMARK [2][-]{subsection.5.1}{\376\377\000G\000r\000o\000u\000p\000\040\000a\000c\000t\000i\000n\000g\000\040\000o\000n\000\040\000s\000e\000t\000s}{section.5}% 19
\BOOKMARK [2][-]{subsection.5.2}{\376\377\000O\000r\000b\000i\000t\000s\000\040\000a\000n\000d\000\040\000S\000t\000a\000b\000i\000l\000i\000z\000e\000r\000s}{section.5}% 20
\BOOKMARK [2][-]{subsection.5.3}{\376\377\000I\000m\000p\000o\000r\000t\000a\000n\000t\000\040\000a\000c\000t\000i\000o\000n\000s}{section.5}% 21
\BOOKMARK [2][-]{subsection.5.4}{\376\377\000A\000p\000p\000l\000i\000c\000a\000t\000i\000o\000n\000s}{section.5}% 22
\BOOKMARK [1][-]{section.6}{\376\377\000S\000y\000m\000m\000e\000t\000r\000i\000c\000\040\000g\000r\000o\000u\000p\000s\000\040\000I\000I}{}% 23
\BOOKMARK [2][-]{subsection.6.1}{\376\377\000C\000o\000n\000j\000u\000g\000a\000c\000y\000\040\000c\000l\000a\000s\000s\000e\000s\000\040\000i\000n\000\040\000S\000n}{section.6}% 24
\BOOKMARK [2][-]{subsection.6.2}{\376\377\000C\000o\000n\000j\000u\000g\000a\000c\000y\000\040\000c\000l\000a\000s\000s\000e\000s\000\040\000i\000n\000\040\000A\000n}{section.6}% 25
\BOOKMARK [1][-]{section.7}{\376\377\000Q\000u\000a\000t\000e\000r\000n\000i\000o\000n\000s}{}% 26
\BOOKMARK [1][-]{section.8}{\376\377\000M\000a\000t\000r\000i\000x\000\040\000g\000r\000o\000u\000p\000s}{}% 27
\BOOKMARK [2][-]{subsection.8.1}{\376\377\000G\000e\000n\000e\000r\000a\000l\000\040\000a\000n\000d\000\040\000s\000p\000e\000c\000i\000a\000l\000\040\000l\000i\000n\000e\000a\000r\000\040\000g\000r\000o\000u\000p\000s}{section.8}% 28
\BOOKMARK [2][-]{subsection.8.2}{\376\377\000A\000c\000t\000i\000o\000n\000s\000\040\000o\000f\000\040\000G\000L\000n\000\050\000C\000\051}{section.8}% 29
\BOOKMARK [2][-]{subsection.8.3}{\376\377\000O\000r\000t\000h\000o\000g\000o\000n\000a\000l\000\040\000g\000r\000o\000u\000p\000s}{section.8}% 30
\BOOKMARK [2][-]{subsection.8.4}{\376\377\000R\000o\000t\000a\000t\000i\000o\000n\000s\000\040\000a\000n\000d\000\040\000r\000e\000f\000l\000e\000c\000t\000i\000o\000n\000s\000\040\000i\000n\000\040\000R\0002\000\040\000a\000n\000d\000\040\000R\0003}{section.8}% 31
\BOOKMARK [2][-]{subsection.8.5}{\376\377\000U\000n\000i\000t\000a\000r\000y\000\040\000g\000r\000o\000u\000p\000s}{section.8}% 32
\BOOKMARK [1][-]{section.9}{\376\377\000M\000o\000r\000e\000\040\000o\000n\000\040\000r\000e\000g\000u\000l\000a\000r\000\040\000p\000o\000l\000y\000h\000e\000d\000r\000a}{}% 33
\BOOKMARK [2][-]{subsection.9.1}{\376\377\000S\000y\000m\000m\000e\000t\000r\000i\000e\000s\000\040\000o\000f\000\040\000t\000h\000e\000\040\000c\000u\000b\000e}{section.9}% 34
\BOOKMARK [2][-]{subsection.9.2}{\376\377\000S\000y\000m\000m\000e\000t\000r\000i\000e\000s\000\040\000o\000f\000\040\000t\000h\000e\000\040\000t\000e\000t\000r\000a\000h\000e\000d\000r\000o\000n}{section.9}% 35
\BOOKMARK [1][-]{section.10}{\376\377\000M\000o\000b\000i\000u\000s\000\040\000g\000r\000o\000u\000p}{}% 36
\BOOKMARK [2][-]{subsection.10.1}{\376\377\000M\000o\000b\000i\000u\000s\000\040\000m\000a\000p\000s}{section.10}% 37
\BOOKMARK [2][-]{subsection.10.2}{\376\377\000F\000i\000x\000e\000d\000\040\000p\000o\000i\000n\000t\000s\000\040\000o\000f\000\040\000M\000o\000b\000i\000u\000s\000\040\000m\000a\000p\000s}{section.10}% 38
\BOOKMARK [2][-]{subsection.10.3}{\376\377\000P\000e\000r\000m\000u\000t\000a\000t\000i\000o\000n\000\040\000p\000r\000o\000p\000e\000r\000t\000i\000e\000s\000\040\000o\000f\000\040\000M\000o\000b\000i\000u\000s\000\040\000m\000a\000p\000s}{section.10}% 39
\BOOKMARK [2][-]{subsection.10.4}{\376\377\000C\000r\000o\000s\000s\000-\000r\000a\000t\000i\000o\000s}{section.10}% 40
\BOOKMARK [1][-]{section.11}{\376\377\000P\000r\000o\000j\000e\000c\000t\000i\000v\000e\000\040\000l\000i\000n\000e\000\040\000\050\000n\000o\000n\000-\000e\000x\000a\000m\000i\000n\000a\000b\000l\000e\000\051}{}% 41
