\BOOKMARK [1][-]{section.0}{\376\377\000I\000n\000t\000r\000o\000d\000u\000c\000t\000i\000o\000n}{}% 1
\BOOKMARK [1][-]{section.1}{\376\377\000V\000e\000c\000t\000o\000r\000\040\000s\000p\000a\000c\000e\000s}{}% 2
\BOOKMARK [2][-]{subsection.1.1}{\376\377\000F\000u\000n\000c\000t\000i\000o\000n\000\040\000s\000p\000a\000c\000e\000s}{section.1}% 3
\BOOKMARK [2][-]{subsection.1.2}{\376\377\000B\000o\000u\000n\000d\000a\000r\000y\000\040\000c\000o\000n\000d\000i\000t\000i\000o\000n\000s}{section.1}% 4
\BOOKMARK [1][-]{section.2}{\376\377\000F\000o\000u\000r\000i\000e\000r\000\040\000s\000e\000r\000i\000e\000s}{}% 5
\BOOKMARK [2][-]{subsection.2.1}{\376\377\000F\000o\000u\000r\000i\000e\000r\000\040\000s\000e\000r\000i\000e\000s}{section.2}% 6
\BOOKMARK [2][-]{subsection.2.2}{\376\377\000C\000o\000n\000v\000e\000r\000g\000e\000n\000c\000e\000\040\000o\000f\000\040\000F\000o\000u\000r\000i\000e\000r\000\040\000s\000e\000r\000i\000e\000s}{section.2}% 7
\BOOKMARK [2][-]{subsection.2.3}{\376\377\000D\000i\000f\000f\000e\000r\000e\000n\000t\000i\000a\000b\000i\000l\000i\000t\000y\000\040\000a\000n\000d\000\040\000F\000o\000u\000r\000i\000e\000r\000\040\000s\000e\000r\000i\000e\000s}{section.2}% 8
\BOOKMARK [1][-]{section.3}{\376\377\000S\000t\000u\000r\000m\000-\000L\000i\000o\000u\000v\000i\000l\000l\000e\000\040\000T\000h\000e\000o\000r\000y}{}% 9
\BOOKMARK [2][-]{subsection.3.1}{\376\377\000S\000t\000u\000r\000m\000-\000L\000i\000o\000u\000v\000i\000l\000l\000e\000\040\000o\000p\000e\000r\000a\000t\000o\000r\000s}{section.3}% 10
\BOOKMARK [2][-]{subsection.3.2}{\376\377\000L\000e\000a\000s\000t\000\040\000s\000q\000u\000a\000r\000e\000s\000\040\000a\000p\000p\000r\000o\000x\000i\000m\000a\000t\000i\000o\000n}{section.3}% 11
\BOOKMARK [1][-]{section.4}{\376\377\000P\000a\000r\000t\000i\000a\000l\000\040\000d\000i\000f\000f\000e\000r\000e\000n\000t\000i\000a\000l\000\040\000e\000q\000u\000a\000t\000i\000o\000n\000s}{}% 12
\BOOKMARK [2][-]{subsection.4.1}{\376\377\000L\000a\000p\000l\000a\000c\000e\000'\000s\000\040\000e\000q\000u\000a\000t\000i\000o\000n}{section.4}% 13
\BOOKMARK [2][-]{subsection.4.2}{\376\377\000L\000a\000p\000l\000a\000c\000e\000'\000s\000\040\000e\000q\000u\000a\000t\000i\000o\000n\000\040\000i\000n\000\040\000t\000h\000e\000\040\000u\000n\000i\000t\000\040\000d\000i\000s\000k\000\040\000i\000n\000\040\000R\0002}{section.4}% 14
\BOOKMARK [2][-]{subsection.4.3}{\376\377\000S\000e\000p\000a\000r\000a\000t\000i\000o\000n\000\040\000o\000f\000\040\000v\000a\000r\000i\000a\000b\000l\000e\000s}{section.4}% 15
\BOOKMARK [2][-]{subsection.4.4}{\376\377\000L\000a\000p\000l\000a\000c\000e\000'\000s\000\040\000e\000q\000u\000a\000t\000i\000o\000n\000\040\000i\000n\000\040\000s\000p\000h\000e\000r\000i\000c\000a\000l\000\040\000p\000o\000l\000a\000r\000\040\000c\000o\000o\000r\000d\000i\000n\000a\000t\000e\000s}{section.4}% 16
\BOOKMARK [3][-]{subsubsection.4.4.1}{\376\377\000L\000e\000g\000e\000n\000d\000r\000e\000\040\000p\000o\000l\000y\000n\000o\000m\000i\000a\000l\000s}{subsection.4.4}% 17
\BOOKMARK [3][-]{subsubsection.4.4.2}{\376\377\000S\000o\000l\000u\000t\000i\000o\000n\000\040\000t\000o\000\040\000r\000a\000d\000i\000a\000l\000\040\000p\000a\000r\000t}{subsection.4.4}% 18
\BOOKMARK [2][-]{subsection.4.5}{\376\377\000M\000u\000l\000t\000i\000p\000o\000l\000e\000\040\000e\000x\000p\000a\000n\000s\000i\000o\000n\000s\000\040\000f\000o\000r\000\040\000L\000a\000p\000l\000a\000c\000e\000'\000s\000\040\000e\000q\000u\000a\000t\000i\000o\000n}{section.4}% 19
\BOOKMARK [2][-]{subsection.4.6}{\376\377\000L\000a\000p\000l\000a\000c\000e\000'\000s\000\040\000e\000q\000u\000a\000t\000i\000o\000n\000\040\000i\000n\000\040\000c\000y\000l\000i\000n\000d\000r\000i\000c\000a\000l\000\040\000c\000o\000o\000r\000d\000i\000n\000a\000t\000e\000s}{section.4}% 20
\BOOKMARK [2][-]{subsection.4.7}{\376\377\000T\000h\000e\000\040\000h\000e\000a\000t\000\040\000e\000q\000u\000a\000t\000i\000o\000n}{section.4}% 21
\BOOKMARK [3][-]{subsubsection.4.7.1}{\376\377\000B\000r\000o\000w\000n\000i\000a\000n\000\040\000m\000o\000t\000i\000o\000n\000\040\000a\000n\000d\000\040\000t\000h\000e\000\040\000h\000e\000a\000t\000\040\000e\000q\000u\000a\000t\000i\000o\000n}{subsection.4.7}% 22
\BOOKMARK [2][-]{subsection.4.8}{\376\377\000T\000h\000e\000\040\000w\000a\000v\000e\000\040\000e\000q\000u\000a\000t\000i\000o\000n}{section.4}% 23
\BOOKMARK [3][-]{subsubsection.4.8.1}{\376\377\000D\000e\000r\000i\000v\000a\000t\000i\000o\000n\000\040\000f\000r\000o\000m\000\040\000s\000t\000r\000i\000n\000g\000\040\000d\000y\000n\000a\000m\000i\000c\000s}{subsection.4.8}% 24
\BOOKMARK [3][-]{subsubsection.4.8.2}{\376\377\000E\000n\000e\000r\000g\000e\000t\000i\000c\000s\000\040\000a\000n\000d\000\040\000u\000n\000i\000q\000u\000e\000n\000e\000s\000s}{subsection.4.8}% 25
\BOOKMARK [1][-]{section.5}{\376\377\000D\000i\000s\000t\000r\000i\000b\000u\000t\000i\000o\000n\000s}{}% 26
\BOOKMARK [2][-]{subsection.5.1}{\376\377\000D\000i\000s\000t\000r\000i\000b\000u\000t\000i\000o\000n\000s}{section.5}% 27
\BOOKMARK [3][-]{subsubsection.5.1.1}{\376\377\000E\000i\000g\000e\000n\000f\000u\000n\000c\000t\000i\000o\000n\000\040\000e\000x\000p\000a\000n\000s\000i\000o\000n\000s\000\040\000o\000f\000\040\000d\000e\000l\000t\000a}{subsection.5.1}% 28
\BOOKMARK [2][-]{subsection.5.2}{\376\377\000G\000r\000e\000e\000n\000'\000s\000\040\000f\000u\000n\000c\000t\000i\000o\000n\000s}{section.5}% 29
\BOOKMARK [3][-]{subsubsection.5.2.1}{\376\377\000C\000o\000n\000s\000t\000r\000u\000c\000t\000i\000o\000n\000\040\000o\000f\000\040\000G\000r\000e\000e\000n\000'\000s\000\040\000f\000u\000n\000c\000t\000i\000o\000n\000\040\000f\000o\000r\000\040\000b\000o\000u\000n\000d\000a\000r\000y\000\040\000v\000a\000l\000u\000e\000\040\000p\000r\000o\000b\000l\000e\000m\000s}{subsection.5.2}% 30
\BOOKMARK [2][-]{subsection.5.3}{\376\377\000G\000r\000e\000e\000n\000'\000s\000\040\000f\000u\000n\000c\000t\000i\000o\000n\000s\000\040\000f\000o\000r\000\040\000i\000n\000i\000t\000i\000a\000l\000\040\000v\000a\000l\000u\000e\000\040\000p\000r\000o\000b\000l\000e\000m\000s}{section.5}% 31
\BOOKMARK [1][-]{section.6}{\376\377\000F\000o\000u\000r\000i\000e\000r\000\040\000t\000r\000a\000n\000s\000f\000o\000r\000m\000s}{}% 32
\BOOKMARK [2][-]{subsection.6.1}{\376\377\000T\000h\000e\000\040\000F\000o\000u\000r\000i\000e\000r\000\040\000t\000r\000a\000n\000s\000f\000o\000r\000m}{section.6}% 33
\BOOKMARK [2][-]{subsection.6.2}{\376\377\000T\000h\000e\000\040\000F\000o\000u\000r\000i\000e\000r\000\040\000i\000n\000v\000e\000r\000s\000i\000o\000n\000\040\000t\000h\000e\000o\000r\000e\000m}{section.6}% 34
\BOOKMARK [2][-]{subsection.6.3}{\376\377\000P\000a\000r\000s\000e\000v\000a\000l\000'\000s\000\040\000t\000h\000e\000o\000r\000e\000m\000\040\000f\000o\000r\000\040\000F\000o\000u\000r\000i\000e\000r\000\040\000t\000r\000a\000n\000s\000f\000o\000r\000m\000s}{section.6}% 35
\BOOKMARK [2][-]{subsection.6.4}{\376\377\000A\000\040\000w\000o\000r\000d\000\040\000o\000f\000\040\000w\000a\000r\000n\000i\000n\000g}{section.6}% 36
\BOOKMARK [2][-]{subsection.6.5}{\376\377\000F\000o\000u\000r\000i\000e\000r\000\040\000t\000r\000a\000n\000s\000f\000o\000r\000m\000a\000t\000i\000o\000n\000\040\000o\000f\000\040\000d\000i\000s\000t\000r\000i\000b\000u\000t\000i\000o\000n\000s}{section.6}% 37
\BOOKMARK [2][-]{subsection.6.6}{\376\377\000L\000i\000n\000e\000a\000r\000\040\000s\000y\000s\000t\000e\000m\000s\000\040\000a\000n\000d\000\040\000r\000e\000s\000p\000o\000n\000s\000e\000\040\000f\000u\000n\000c\000t\000i\000o\000n\000s}{section.6}% 38
\BOOKMARK [2][-]{subsection.6.7}{\376\377\000G\000e\000n\000e\000r\000a\000l\000\040\000f\000o\000r\000m\000\040\000o\000f\000\040\000t\000r\000a\000n\000s\000f\000e\000r\000\040\000f\000u\000n\000c\000t\000i\000o\000n}{section.6}% 39
\BOOKMARK [2][-]{subsection.6.8}{\376\377\000T\000h\000e\000\040\000d\000i\000s\000c\000r\000e\000t\000e\000\040\000F\000o\000u\000r\000i\000e\000r\000\040\000t\000r\000a\000n\000s\000f\000o\000r\000m}{section.6}% 40
\BOOKMARK [2][-]{subsection.6.9}{\376\377\000T\000h\000e\000\040\000f\000a\000s\000t\000\040\000F\000o\000u\000r\000i\000e\000r\000\040\000t\000r\000a\000n\000s\000f\000o\000r\000m\000*}{section.6}% 41
\BOOKMARK [1][-]{section.7}{\376\377\000M\000o\000r\000e\000\040\000p\000a\000r\000t\000i\000a\000l\000\040\000d\000i\000f\000f\000e\000r\000e\000n\000t\000i\000a\000l\000\040\000e\000q\000u\000a\000t\000i\000o\000n\000s}{}% 42
\BOOKMARK [2][-]{subsection.7.1}{\376\377\000W\000e\000l\000l\000-\000p\000o\000s\000e\000d\000n\000e\000s\000s}{section.7}% 43
\BOOKMARK [2][-]{subsection.7.2}{\376\377\000M\000e\000t\000h\000o\000d\000\040\000o\000f\000\040\000c\000h\000a\000r\000a\000c\000t\000e\000r\000i\000s\000t\000i\000c\000s}{section.7}% 44
\BOOKMARK [2][-]{subsection.7.3}{\376\377\000C\000h\000a\000r\000a\000c\000t\000e\000r\000i\000s\000t\000i\000c\000s\000\040\000f\000o\000r\000\040\0002\000n\000d\000\040\000o\000r\000d\000e\000r\000\040\000p\000a\000r\000t\000i\000a\000l\000\040\000d\000i\000f\000f\000e\000r\000e\000n\000t\000i\000a\000l\000\040\000e\000q\000u\000a\000t\000i\000o\000n\000s}{section.7}% 45
\BOOKMARK [2][-]{subsection.7.4}{\376\377\000G\000r\000e\000e\000n\000'\000s\000\040\000f\000u\000n\000c\000t\000i\000o\000n\000s\000\040\000f\000o\000r\000\040\000P\000D\000E\000s\000\040\000o\000n\000\040\000R\000n}{section.7}% 46
\BOOKMARK [2][-]{subsection.7.5}{\376\377\000P\000o\000i\000s\000s\000o\000n\000'\000s\000\040\000e\000q\000u\000a\000t\000i\000o\000n}{section.7}% 47
