\BOOKMARK [1][-]{section.0}{\376\377\000I\000n\000t\000r\000o\000d\000u\000c\000t\000i\000o\000n}{}% 1
\BOOKMARK [1][-]{section.1}{\376\377\000D\000e\000r\000i\000v\000a\000t\000i\000v\000e\000s\000\040\000a\000n\000d\000\040\000c\000o\000o\000r\000d\000i\000n\000a\000t\000e\000s}{}% 2
\BOOKMARK [2][-]{subsection.1.1}{\376\377\000D\000e\000r\000i\000v\000a\000t\000i\000v\000e\000\040\000o\000f\000\040\000f\000u\000n\000c\000t\000i\000o\000n\000s}{section.1}% 3
\BOOKMARK [2][-]{subsection.1.2}{\376\377\000I\000n\000v\000e\000r\000s\000e\000\040\000f\000u\000n\000c\000t\000i\000o\000n\000s}{section.1}% 4
\BOOKMARK [2][-]{subsection.1.3}{\376\377\000C\000o\000o\000r\000d\000i\000n\000a\000t\000e\000\040\000s\000y\000s\000t\000e\000m\000s}{section.1}% 5
\BOOKMARK [1][-]{section.2}{\376\377\000C\000u\000r\000v\000e\000s\000\040\000a\000n\000d\000\040\000L\000i\000n\000e}{}% 6
\BOOKMARK [2][-]{subsection.2.1}{\376\377\000P\000a\000r\000a\000m\000e\000t\000r\000i\000s\000e\000d\000\040\000c\000u\000r\000v\000e\000s\000,\000\040\000l\000e\000n\000g\000t\000h\000s\000\040\000a\000n\000d\000\040\000a\000r\000c\000\040\000l\000e\000n\000g\000t\000h}{section.2}% 7
\BOOKMARK [2][-]{subsection.2.2}{\376\377\000L\000i\000n\000e\000\040\000i\000n\000t\000e\000g\000r\000a\000l\000s\000\040\000o\000f\000\040\000v\000e\000c\000t\000o\000r\000\040\000f\000i\000e\000l\000d\000s}{section.2}% 8
\BOOKMARK [2][-]{subsection.2.3}{\376\377\000G\000r\000a\000d\000i\000e\000n\000t\000s\000\040\000a\000n\000d\000\040\000D\000i\000f\000f\000e\000r\000e\000n\000t\000i\000a\000l\000s}{section.2}% 9
\BOOKMARK [2][-]{subsection.2.4}{\376\377\000W\000o\000r\000k\000\040\000a\000n\000d\000\040\000p\000o\000t\000e\000n\000t\000i\000a\000l\000\040\000e\000n\000e\000r\000g\000y}{section.2}% 10
\BOOKMARK [1][-]{section.3}{\376\377\000I\000n\000t\000e\000g\000r\000a\000t\000i\000o\000n\000\040\000i\000n\000\040\000R\0002\000\040\000a\000n\000d\000\040\000R\0003}{}% 11
\BOOKMARK [2][-]{subsection.3.1}{\376\377\000I\000n\000t\000e\000g\000r\000a\000l\000s\000\040\000o\000v\000e\000r\000\040\000s\000u\000b\000s\000e\000t\000s\000\040\000o\000f\000\040\000R\0002}{section.3}% 12
\BOOKMARK [2][-]{subsection.3.2}{\376\377\000C\000h\000a\000n\000g\000e\000\040\000o\000f\000\040\000v\000a\000r\000i\000a\000b\000l\000e\000s\000\040\000f\000o\000r\000\040\000a\000n\000\040\000i\000n\000t\000e\000g\000r\000a\000l\000\040\000i\000n\000\040\000R\0002}{section.3}% 13
\BOOKMARK [2][-]{subsection.3.3}{\376\377\000G\000e\000n\000e\000r\000a\000l\000i\000z\000a\000t\000i\000o\000n\000\040\000t\000o\000\040\000R\0003}{section.3}% 14
\BOOKMARK [2][-]{subsection.3.4}{\376\377\000F\000u\000r\000t\000h\000e\000r\000\040\000g\000e\000n\000e\000r\000a\000l\000i\000z\000a\000t\000i\000o\000n\000s}{section.3}% 15
\BOOKMARK [1][-]{section.4}{\376\377\000S\000u\000r\000f\000a\000c\000e\000s\000\040\000a\000n\000d\000\040\000s\000u\000r\000f\000a\000c\000e\000\040\000i\000n\000t\000e\000g\000r\000a\000l\000s}{}% 16
\BOOKMARK [2][-]{subsection.4.1}{\376\377\000S\000u\000r\000f\000a\000c\000e\000s\000\040\000a\000n\000d\000\040\000n\000o\000r\000m\000a\000l\000s}{section.4}% 17
\BOOKMARK [2][-]{subsection.4.2}{\376\377\000P\000a\000r\000a\000m\000e\000t\000r\000i\000z\000e\000d\000\040\000s\000u\000r\000f\000a\000c\000e\000s\000\040\000a\000n\000d\000\040\000a\000r\000e\000a}{section.4}% 18
\BOOKMARK [2][-]{subsection.4.3}{\376\377\000S\000u\000r\000f\000a\000c\000e\000\040\000i\000n\000t\000e\000g\000r\000a\000l\000\040\000o\000f\000\040\000v\000e\000c\000t\000o\000r\000\040\000f\000i\000e\000l\000d\000s}{section.4}% 19
\BOOKMARK [2][-]{subsection.4.4}{\376\377\000C\000h\000a\000n\000g\000e\000\040\000o\000f\000\040\000v\000a\000r\000i\000a\000b\000l\000e\000s\000\040\000i\000n\000\040\000R\0002\000\040\000a\000n\000d\000\040\000R\0003\000\040\000r\000e\000v\000i\000s\000i\000t\000e\000d}{section.4}% 20
\BOOKMARK [1][-]{section.5}{\376\377\000G\000e\000o\000m\000e\000t\000r\000y\000\040\000o\000f\000\040\000c\000u\000r\000v\000e\000s\000\040\000a\000n\000d\000\040\000s\000u\000r\000f\000a\000c\000e\000s}{}% 21
\BOOKMARK [2][-]{subsection.5.1}{\376\377\000C\000u\000r\000v\000a\000t\000u\000r\000e\000\040\000o\000f\000\040\000c\000u\000r\000v\000e\000s}{section.5}% 22
\BOOKMARK [2][-]{subsection.5.2}{\376\377\000T\000h\000e\000\040\000F\000r\000e\000n\000e\000t\040\023\000S\000e\000r\000r\000e\000t\000\040\000f\000r\000a\000m\000e}{section.5}% 23
\BOOKMARK [2][-]{subsection.5.3}{\376\377\000C\000u\000r\000v\000a\000t\000u\000r\000e\000\040\000o\000f\000\040\000s\000u\000r\000f\000a\000c\000e\000s\000*}{section.5}% 24
\BOOKMARK [1][-]{section.6}{\376\377\000D\000i\000v\000,\000\040\000G\000r\000a\000d\000,\000\040\000C\000u\000r\000l\000\040\000a\000n\000d\000\040\000d\000e\000l}{}% 25
\BOOKMARK [2][-]{subsection.6.1}{\376\377\000T\000h\000e\000\040\000n\000a\000b\000l\000a\000\040\000o\000p\000e\000r\000a\000t\000o\000r}{section.6}% 26
\BOOKMARK [2][-]{subsection.6.2}{\376\377\000S\000e\000c\000o\000n\000d\000-\000o\000r\000d\000e\000r\000\040\000d\000e\000r\000i\000v\000a\000t\000i\000v\000e\000s}{section.6}% 27
\BOOKMARK [1][-]{section.7}{\376\377\000I\000n\000t\000e\000g\000r\000a\000l\000\040\000t\000h\000e\000o\000r\000e\000m\000s}{}% 28
\BOOKMARK [2][-]{subsection.7.1}{\376\377\000S\000t\000a\000t\000e\000m\000e\000n\000t\000\040\000a\000n\000d\000\040\000e\000x\000a\000m\000p\000l\000e\000s}{section.7}% 29
\BOOKMARK [3][-]{subsubsection.7.1.1}{\376\377\000G\000r\000e\000e\000n\000'\000s\000\040\000t\000h\000e\000o\000r\000e\000m\000\040\000\050\000i\000n\000\040\000t\000h\000e\000\040\000p\000l\000a\000n\000e\000\051}{subsection.7.1}% 30
\BOOKMARK [3][-]{subsubsection.7.1.2}{\376\377\000S\000t\000o\000k\000e\000s\000'\000\040\000t\000h\000e\000o\000r\000e\000m}{subsection.7.1}% 31
\BOOKMARK [3][-]{subsubsection.7.1.3}{\376\377\000D\000i\000v\000e\000r\000g\000e\000n\000c\000e\000\040\000t\000h\000e\000o\000r\000e\000m\000\040\000\050\000G\000a\000u\000s\000s\000'\000\040\000t\000h\000e\000o\000r\000e\000m\000\051}{subsection.7.1}% 32
\BOOKMARK [2][-]{subsection.7.2}{\376\377\000R\000e\000l\000a\000t\000i\000n\000g\000\040\000a\000n\000d\000\040\000p\000r\000o\000v\000i\000n\000g\000\040\000i\000n\000t\000e\000g\000r\000a\000l\000\040\000t\000h\000e\000o\000r\000e\000m\000s}{section.7}% 33
\BOOKMARK [1][-]{section.8}{\376\377\000S\000o\000m\000e\000\040\000a\000p\000p\000l\000i\000c\000a\000t\000i\000o\000n\000s\000\040\000o\000f\000\040\000i\000n\000t\000e\000g\000r\000a\000l\000\040\000t\000h\000e\000o\000r\000e\000m\000s}{}% 34
\BOOKMARK [2][-]{subsection.8.1}{\376\377\000I\000n\000t\000e\000g\000r\000a\000l\000\040\000e\000x\000p\000r\000e\000s\000s\000i\000o\000n\000s\000\040\000f\000o\000r\000\040\000d\000i\000v\000\040\000a\000n\000d\000\040\000c\000u\000r\000l}{section.8}% 35
\BOOKMARK [2][-]{subsection.8.2}{\376\377\000C\000o\000n\000s\000e\000r\000v\000a\000t\000i\000v\000e\000\040\000f\000i\000e\000l\000d\000s\000\040\000a\000n\000d\000\040\000s\000c\000a\000l\000a\000r\000\040\000p\000o\000t\000e\000n\000t\000i\000a\000l\000s}{section.8}% 36
\BOOKMARK [2][-]{subsection.8.3}{\376\377\000C\000o\000n\000s\000e\000r\000v\000a\000t\000i\000o\000n\000\040\000l\000a\000w\000s}{section.8}% 37
\BOOKMARK [1][-]{section.9}{\376\377\000O\000r\000t\000h\000o\000g\000o\000n\000a\000l\000\040\000c\000u\000r\000v\000i\000l\000i\000n\000e\000a\000r\000\040\000c\000o\000o\000r\000d\000i\000n\000a\000t\000e\000s}{}% 38
\BOOKMARK [2][-]{subsection.9.1}{\376\377\000L\000i\000n\000e\000,\000\040\000a\000r\000e\000a\000\040\000a\000n\000d\000\040\000v\000o\000l\000u\000m\000e\000\040\000e\000l\000e\000m\000e\000n\000t\000s}{section.9}% 39
\BOOKMARK [2][-]{subsection.9.2}{\376\377\000G\000r\000a\000d\000i\000e\000n\000t\000,\000\040\000d\000i\000v\000e\000r\000g\000e\000n\000c\000e\000,\000\040\000a\000n\000d\000\040\000c\000u\000r\000l}{section.9}% 40
\BOOKMARK [1][-]{section.10}{\376\377\000G\000a\000u\000s\000s\000'\000\040\000L\000a\000w\000\040\000a\000n\000d\000\040\000P\000o\000i\000s\000s\000o\000n\000'\000s\000\040\000e\000q\000u\000a\000t\000i\000o\000n}{}% 41
\BOOKMARK [2][-]{subsection.10.1}{\376\377\000L\000a\000w\000s\000\040\000o\000f\000\040\000g\000r\000a\000v\000i\000t\000a\000t\000i\000o\000n}{section.10}% 42
\BOOKMARK [2][-]{subsection.10.2}{\376\377\000L\000a\000w\000s\000\040\000o\000f\000\040\000e\000l\000e\000c\000t\000r\000o\000s\000t\000a\000t\000i\000c\000s}{section.10}% 43
\BOOKMARK [2][-]{subsection.10.3}{\376\377\000P\000o\000i\000s\000s\000o\000n\000'\000s\000\040\000E\000q\000u\000a\000t\000i\000o\000n\000\040\000a\000n\000d\000\040\000L\000a\000p\000l\000a\000c\000e\000'\000s\000\040\000e\000q\000u\000a\000t\000i\000o\000n}{section.10}% 44
\BOOKMARK [1][-]{section.11}{\376\377\000L\000a\000p\000l\000a\000c\000e\000'\000s\000\040\000a\000n\000d\000\040\000P\000o\000i\000s\000s\000o\000n\000'\000s\000\040\000e\000q\000u\000a\000t\000i\000o\000n\000s}{}% 45
\BOOKMARK [2][-]{subsection.11.1}{\376\377\000U\000n\000i\000q\000u\000e\000n\000e\000s\000s\000\040\000t\000h\000e\000o\000r\000e\000m\000s}{section.11}% 46
\BOOKMARK [2][-]{subsection.11.2}{\376\377\000L\000a\000p\000l\000a\000c\000e\000'\000s\000\040\000e\000q\000u\000a\000t\000i\000o\000n\000\040\000a\000n\000d\000\040\000h\000a\000r\000m\000o\000n\000i\000c\000\040\000f\000u\000n\000c\000t\000i\000o\000n\000s}{section.11}% 47
\BOOKMARK [3][-]{subsubsection.11.2.1}{\376\377\000T\000h\000e\000\040\000m\000e\000a\000n\000\040\000v\000a\000l\000u\000e\000\040\000p\000r\000o\000p\000e\000r\000t\000y}{subsection.11.2}% 48
\BOOKMARK [3][-]{subsubsection.11.2.2}{\376\377\000T\000h\000e\000\040\000m\000a\000x\000i\000m\000u\000m\000\040\000\050\000o\000r\000\040\000m\000i\000n\000i\000m\000u\000m\000\051\000\040\000p\000r\000i\000n\000c\000i\000p\000l\000e}{subsection.11.2}% 49
\BOOKMARK [2][-]{subsection.11.3}{\376\377\000I\000n\000t\000e\000g\000r\000a\000l\000\040\000s\000o\000l\000u\000t\000i\000o\000n\000s\000\040\000o\000f\000\040\000P\000o\000i\000s\000s\000o\000n\000'\000s\000\040\000e\000q\000u\000a\000t\000i\000o\000n}{section.11}% 50
\BOOKMARK [3][-]{subsubsection.11.3.1}{\376\377\000S\000t\000a\000t\000e\000m\000e\000n\000t\000\040\000a\000n\000d\000\040\000h\000e\000u\000r\000i\000s\000t\000i\000c\000\040\000d\000e\000r\000i\000v\000a\000t\000i\000o\000n}{subsection.11.3}% 51
\BOOKMARK [3][-]{subsubsection.11.3.2}{\376\377\000P\000o\000i\000n\000t\000\040\000s\000o\000u\000r\000c\000e\000s\000\040\000a\000n\000d\000\040\000d\000e\000l\000t\000a\000-\000f\000u\000n\000c\000t\000i\000o\000n\000s\000*}{subsection.11.3}% 52
\BOOKMARK [1][-]{section.12}{\376\377\000M\000a\000x\000w\000e\000l\000l\000'\000s\000\040\000e\000q\000u\000a\000t\000i\000o\000n\000s}{}% 53
\BOOKMARK [2][-]{subsection.12.1}{\376\377\000L\000a\000w\000s\000\040\000o\000f\000\040\000e\000l\000e\000c\000t\000r\000o\000m\000a\000g\000n\000e\000t\000i\000s\000m}{section.12}% 54
\BOOKMARK [2][-]{subsection.12.2}{\376\377\000S\000t\000a\000t\000i\000c\000\040\000c\000h\000a\000r\000g\000e\000s\000\040\000a\000n\000d\000\040\000s\000t\000e\000a\000d\000y\000\040\000c\000u\000r\000r\000e\000n\000t\000s}{section.12}% 55
\BOOKMARK [2][-]{subsection.12.3}{\376\377\000E\000l\000e\000c\000t\000r\000o\000m\000a\000g\000n\000e\000t\000i\000c\000\040\000w\000a\000v\000e\000s}{section.12}% 56
\BOOKMARK [1][-]{section.13}{\376\377\000T\000e\000n\000s\000o\000r\000s\000\040\000a\000n\000d\000\040\000t\000e\000n\000s\000o\000r\000\040\000f\000i\000e\000l\000d\000s}{}% 57
\BOOKMARK [2][-]{subsection.13.1}{\376\377\000D\000e\000f\000i\000n\000i\000t\000i\000o\000n}{section.13}% 58
\BOOKMARK [2][-]{subsection.13.2}{\376\377\000T\000e\000n\000s\000o\000r\000\040\000a\000l\000g\000e\000b\000r\000a}{section.13}% 59
\BOOKMARK [2][-]{subsection.13.3}{\376\377\000S\000y\000m\000m\000e\000t\000r\000i\000c\000\040\000a\000n\000d\000\040\000a\000n\000t\000i\000s\000y\000m\000m\000e\000t\000r\000i\000c\000\040\000t\000e\000n\000s\000o\000r\000s}{section.13}% 60
\BOOKMARK [2][-]{subsection.13.4}{\376\377\000T\000e\000n\000s\000o\000r\000s\000,\000\040\000m\000u\000l\000t\000i\000-\000l\000i\000n\000e\000a\000r\000\040\000m\000a\000p\000s\000\040\000a\000n\000d\000\040\000t\000h\000e\000\040\000q\000u\000o\000t\000i\000e\000n\000t\000\040\000r\000u\000l\000e}{section.13}% 61
\BOOKMARK [2][-]{subsection.13.5}{\376\377\000T\000e\000n\000s\000o\000r\000\040\000c\000a\000l\000c\000u\000l\000u\000s}{section.13}% 62
\BOOKMARK [1][-]{section.14}{\376\377\000T\000e\000n\000s\000o\000r\000s\000\040\000o\000f\000\040\000r\000a\000n\000k\000\040\0002}{}% 63
\BOOKMARK [2][-]{subsection.14.1}{\376\377\000D\000e\000c\000o\000m\000p\000o\000s\000i\000t\000i\000o\000n\000\040\000o\000f\000\040\000a\000\040\000s\000e\000c\000o\000n\000d\000-\000r\000a\000n\000k\000\040\000t\000e\000n\000s\000o\000r}{section.14}% 64
\BOOKMARK [2][-]{subsection.14.2}{\376\377\000T\000h\000e\000\040\000i\000n\000e\000r\000t\000i\000a\000\040\000t\000e\000n\000s\000o\000r}{section.14}% 65
\BOOKMARK [2][-]{subsection.14.3}{\376\377\000D\000i\000a\000g\000o\000n\000a\000l\000i\000z\000a\000t\000i\000o\000n\000\040\000o\000f\000\040\000a\000\040\000s\000y\000m\000m\000e\000t\000r\000i\000c\000\040\000s\000e\000c\000o\000n\000d\000\040\000r\000a\000n\000k\000\040\000t\000e\000n\000s\000o\000r}{section.14}% 66
\BOOKMARK [1][-]{section.15}{\376\377\000I\000n\000v\000a\000r\000i\000a\000n\000t\000\040\000a\000n\000d\000\040\000i\000s\000o\000t\000r\000o\000p\000i\000c\000\040\000t\000e\000n\000s\000o\000r\000s}{}% 67
\BOOKMARK [2][-]{subsection.15.1}{\376\377\000D\000e\000f\000i\000n\000i\000t\000i\000o\000n\000s\000\040\000a\000n\000d\000\040\000c\000l\000a\000s\000s\000i\000f\000i\000c\000a\000t\000i\000o\000n\000\040\000r\000e\000s\000u\000l\000t\000s}{section.15}% 68
\BOOKMARK [2][-]{subsection.15.2}{\376\377\000A\000p\000p\000l\000i\000c\000a\000t\000i\000o\000n\000\040\000t\000o\000\040\000i\000n\000v\000a\000r\000i\000a\000n\000t\000\040\000i\000n\000t\000e\000g\000r\000a\000l\000s}{section.15}% 69
