\BOOKMARK [1][-]{section.0}{\376\377\000I\000n\000t\000r\000o\000d\000u\000c\000t\000i\000o\000n}{}% 1
\BOOKMARK [1][-]{section.1}{\376\377\000C\000o\000m\000p\000l\000e\000x\000\040\000n\000u\000m\000b\000e\000r\000s}{}% 2
\BOOKMARK [2][-]{subsection.1.1}{\376\377\000B\000a\000s\000i\000c\000\040\000p\000r\000o\000p\000e\000r\000t\000i\000e\000s}{section.1}% 3
\BOOKMARK [2][-]{subsection.1.2}{\376\377\000C\000o\000m\000p\000l\000e\000x\000\040\000e\000x\000p\000o\000n\000e\000n\000t\000i\000a\000l\000\040\000f\000u\000n\000c\000t\000i\000o\000n}{section.1}% 4
\BOOKMARK [2][-]{subsection.1.3}{\376\377\000R\000o\000o\000t\000s\000\040\000o\000f\000\040\000u\000n\000i\000t\000y}{section.1}% 5
\BOOKMARK [2][-]{subsection.1.4}{\376\377\000C\000o\000m\000p\000l\000e\000x\000\040\000l\000o\000g\000a\000r\000i\000t\000h\000m\000\040\000a\000n\000d\000\040\000p\000o\000w\000e\000r}{section.1}% 6
\BOOKMARK [2][-]{subsection.1.5}{\376\377\000D\000e\000\040\000M\000o\000i\000v\000r\000e\000'\000s\000\040\000t\000h\000e\000o\000r\000e\000m}{section.1}% 7
\BOOKMARK [2][-]{subsection.1.6}{\376\377\000L\000i\000n\000e\000s\000\040\000a\000n\000d\000\040\000c\000i\000r\000c\000l\000e\000s\000\040\000i\000n\000\040\000C}{section.1}% 8
\BOOKMARK [1][-]{section.2}{\376\377\000V\000e\000c\000t\000o\000r\000s}{}% 9
\BOOKMARK [2][-]{subsection.2.1}{\376\377\000D\000e\000f\000i\000n\000i\000t\000i\000o\000n\000\040\000a\000n\000d\000\040\000b\000a\000s\000i\000c\000\040\000p\000r\000o\000p\000e\000r\000t\000i\000e\000s}{section.2}% 10
\BOOKMARK [2][-]{subsection.2.2}{\376\377\000S\000c\000a\000l\000a\000r\000\040\000p\000r\000o\000d\000u\000c\000t}{section.2}% 11
\BOOKMARK [3][-]{subsubsection.2.2.1}{\376\377\000G\000e\000o\000m\000e\000t\000r\000i\000c\000\040\000p\000i\000c\000t\000u\000r\000e\000\040\000\050\000R\0002\000\040\000a\000n\000d\000\040\000R\0003\000\040\000o\000n\000l\000y\000\051}{subsection.2.2}% 12
\BOOKMARK [3][-]{subsubsection.2.2.2}{\376\377\000G\000e\000n\000e\000r\000a\000l\000\040\000a\000l\000g\000e\000b\000r\000a\000i\000c\000\040\000d\000e\000f\000i\000n\000i\000t\000i\000o\000n}{subsection.2.2}% 13
\BOOKMARK [2][-]{subsection.2.3}{\376\377\000C\000a\000u\000c\000h\000y\000-\000S\000c\000h\000w\000a\000r\000z\000\040\000i\000n\000e\000q\000u\000a\000l\000i\000t\000y}{section.2}% 14
\BOOKMARK [2][-]{subsection.2.4}{\376\377\000V\000e\000c\000t\000o\000r\000\040\000p\000r\000o\000d\000u\000c\000t}{section.2}% 15
\BOOKMARK [2][-]{subsection.2.5}{\376\377\000S\000c\000a\000l\000a\000r\000\040\000t\000r\000i\000p\000l\000e\000\040\000p\000r\000o\000d\000u\000c\000t}{section.2}% 16
\BOOKMARK [2][-]{subsection.2.6}{\376\377\000S\000p\000a\000n\000n\000i\000n\000g\000\040\000s\000e\000t\000s\000\040\000a\000n\000d\000\040\000b\000a\000s\000e\000s}{section.2}% 17
\BOOKMARK [3][-]{subsubsection.2.6.1}{\376\377\0002\000D\000\040\000s\000p\000a\000c\000e}{subsection.2.6}% 18
\BOOKMARK [3][-]{subsubsection.2.6.2}{\376\377\0003\000D\000\040\000s\000p\000a\000c\000e}{subsection.2.6}% 19
\BOOKMARK [3][-]{subsubsection.2.6.3}{\376\377\000R\000n\000\040\000s\000p\000a\000c\000e}{subsection.2.6}% 20
\BOOKMARK [3][-]{subsubsection.2.6.4}{\376\377\000C\000n\000\040\000s\000p\000a\000c\000e}{subsection.2.6}% 21
\BOOKMARK [2][-]{subsection.2.7}{\376\377\000V\000e\000c\000t\000o\000r\000\040\000s\000u\000b\000s\000p\000a\000c\000e\000s}{section.2}% 22
\BOOKMARK [2][-]{subsection.2.8}{\376\377\000S\000u\000f\000f\000i\000x\000\040\000n\000o\000t\000a\000t\000i\000o\000n}{section.2}% 23
\BOOKMARK [2][-]{subsection.2.9}{\376\377\000G\000e\000o\000m\000e\000t\000r\000y}{section.2}% 24
\BOOKMARK [3][-]{subsubsection.2.9.1}{\376\377\000L\000i\000n\000e\000s}{subsection.2.9}% 25
\BOOKMARK [3][-]{subsubsection.2.9.2}{\376\377\000P\000l\000a\000n\000e}{subsection.2.9}% 26
\BOOKMARK [2][-]{subsection.2.10}{\376\377\000V\000e\000c\000t\000o\000r\000\040\000e\000q\000u\000a\000t\000i\000o\000n\000s}{section.2}% 27
\BOOKMARK [1][-]{section.3}{\376\377\000L\000i\000n\000e\000a\000r\000\040\000m\000a\000p\000s}{}% 28
\BOOKMARK [2][-]{subsection.3.1}{\376\377\000E\000x\000a\000m\000p\000l\000e\000s}{section.3}% 29
\BOOKMARK [3][-]{subsubsection.3.1.1}{\376\377\000R\000o\000t\000a\000t\000i\000o\000n\000\040\000i\000n\000\040\000R\0003}{subsection.3.1}% 30
\BOOKMARK [3][-]{subsubsection.3.1.2}{\376\377\000R\000e\000f\000l\000e\000c\000t\000i\000o\000n\000\040\000i\000n\000\040\000R\0003}{subsection.3.1}% 31
\BOOKMARK [2][-]{subsection.3.2}{\376\377\000L\000i\000n\000e\000a\000r\000\040\000M\000a\000p\000s}{section.3}% 32
\BOOKMARK [2][-]{subsection.3.3}{\376\377\000R\000a\000n\000k\000\040\000a\000n\000d\000\040\000n\000u\000l\000l\000i\000t\000y}{section.3}% 33
\BOOKMARK [2][-]{subsection.3.4}{\376\377\000M\000a\000t\000r\000i\000c\000e\000s}{section.3}% 34
\BOOKMARK [3][-]{subsubsection.3.4.1}{\376\377\000E\000x\000a\000m\000p\000l\000e\000s}{subsection.3.4}% 35
\BOOKMARK [3][-]{subsubsection.3.4.2}{\376\377\000M\000a\000t\000r\000i\000x\000\040\000A\000l\000g\000e\000b\000r\000a}{subsection.3.4}% 36
\BOOKMARK [3][-]{subsubsection.3.4.3}{\376\377\000D\000e\000c\000o\000m\000p\000o\000s\000i\000t\000i\000o\000n\000\040\000o\000f\000\040\000a\000n\000\040\000n\000\040\000x\000\040\000n\000\040\000m\000a\000t\000r\000i\000x}{subsection.3.4}% 37
\BOOKMARK [3][-]{subsubsection.3.4.4}{\376\377\000M\000a\000t\000r\000i\000x\000\040\000i\000n\000v\000e\000r\000s\000e}{subsection.3.4}% 38
\BOOKMARK [2][-]{subsection.3.5}{\376\377\000D\000e\000t\000e\000r\000m\000i\000n\000a\000n\000t\000s}{section.3}% 39
\BOOKMARK [3][-]{subsubsection.3.5.1}{\376\377\000P\000e\000r\000m\000u\000t\000a\000t\000i\000o\000n\000s}{subsection.3.5}% 40
\BOOKMARK [3][-]{subsubsection.3.5.2}{\376\377\000P\000r\000o\000p\000e\000r\000t\000i\000e\000s\000\040\000o\000f\000\040\000d\000e\000t\000e\000r\000m\000i\000n\000a\000n\000t\000s}{subsection.3.5}% 41
\BOOKMARK [3][-]{subsubsection.3.5.3}{\376\377\000M\000i\000n\000o\000r\000s\000\040\000a\000n\000d\000\040\000C\000o\000f\000a\000c\000t\000o\000r\000s}{subsection.3.5}% 42
\BOOKMARK [1][-]{section.4}{\376\377\000M\000a\000t\000r\000i\000c\000e\000s\000\040\000a\000n\000d\000\040\000l\000i\000n\000e\000a\000r\000\040\000e\000q\000u\000a\000t\000i\000o\000n\000s}{}% 43
\BOOKMARK [2][-]{subsection.4.1}{\376\377\000S\000i\000m\000p\000l\000e\000\040\000e\000x\000a\000m\000p\000l\000e\000,\000\040\0002\000\040\000x\000\040\0002}{section.4}% 44
\BOOKMARK [2][-]{subsection.4.2}{\376\377\000I\000n\000v\000e\000r\000s\000e\000\040\000o\000f\000\040\000a\000n\000\040\000n\000\040\000x\000\040\000n\000\040\000m\000a\000t\000r\000i\000x}{section.4}% 45
\BOOKMARK [2][-]{subsection.4.3}{\376\377\000H\000o\000m\000o\000g\000e\000n\000e\000o\000u\000s\000\040\000a\000n\000d\000\040\000i\000n\000h\000o\000m\000o\000g\000e\000n\000e\000o\000u\000s\000\040\000e\000q\000u\000a\000t\000i\000o\000n\000s}{section.4}% 46
\BOOKMARK [3][-]{subsubsection.4.3.1}{\376\377\000G\000a\000u\000s\000s\000i\000a\000n\000\040\000e\000l\000i\000m\000i\000n\000a\000t\000i\000o\000n}{subsection.4.3}% 47
\BOOKMARK [2][-]{subsection.4.4}{\376\377\000M\000a\000t\000r\000i\000x\000\040\000r\000a\000n\000k}{section.4}% 48
\BOOKMARK [2][-]{subsection.4.5}{\376\377\000H\000o\000m\000o\000g\000e\000n\000e\000o\000u\000s\000\040\000p\000r\000o\000b\000l\000e\000m\000\040\000A\000x\000\040\000=\000\040\0000}{section.4}% 49
\BOOKMARK [3][-]{subsubsection.4.5.1}{\376\377\000G\000e\000o\000m\000e\000t\000r\000i\000c\000a\000l\000\040\000i\000n\000t\000e\000r\000p\000r\000e\000t\000a\000t\000i\000o\000n}{subsection.4.5}% 50
\BOOKMARK [3][-]{subsubsection.4.5.2}{\376\377\000L\000i\000n\000e\000a\000r\000\040\000m\000a\000p\000p\000i\000n\000g\000\040\000v\000i\000e\000w\000\040\000o\000f\000\040\000A\000x\000\040\000=\000\040\0000}{subsection.4.5}% 51
\BOOKMARK [2][-]{subsection.4.6}{\376\377\000G\000e\000n\000e\000r\000a\000l\000\040\000s\000o\000l\000u\000t\000i\000o\000n\000\040\000o\000f\000\040\000A\000x\000\040\000=\000\040\000d}{section.4}% 52
\BOOKMARK [1][-]{section.5}{\376\377\000E\000i\000g\000e\000n\000v\000a\000l\000u\000e\000s\000\040\000a\000n\000d\000\040\000e\000i\000g\000e\000n\000v\000e\000c\000t\000o\000r\000s}{}% 53
\BOOKMARK [2][-]{subsection.5.1}{\376\377\000P\000r\000e\000l\000i\000m\000i\000n\000a\000r\000i\000e\000s\000\040\000a\000n\000d\000\040\000d\000e\000f\000i\000n\000i\000t\000i\000o\000n\000s}{section.5}% 54
\BOOKMARK [2][-]{subsection.5.2}{\376\377\000L\000i\000n\000e\000a\000r\000l\000y\000\040\000i\000n\000d\000e\000p\000e\000n\000d\000e\000n\000t\000\040\000e\000i\000g\000e\000n\000v\000e\000c\000t\000o\000r\000s}{section.5}% 55
\BOOKMARK [2][-]{subsection.5.3}{\376\377\000T\000r\000a\000n\000s\000f\000o\000r\000m\000a\000t\000i\000o\000n\000\040\000m\000a\000t\000r\000i\000c\000e\000s}{section.5}% 56
\BOOKMARK [3][-]{subsubsection.5.3.1}{\376\377\000T\000r\000a\000n\000s\000f\000o\000r\000m\000a\000t\000i\000o\000n\000\040\000l\000a\000w\000\040\000f\000o\000r\000\040\000v\000e\000c\000t\000o\000r\000s}{subsection.5.3}% 57
\BOOKMARK [3][-]{subsubsection.5.3.2}{\376\377\000T\000r\000a\000n\000s\000f\000o\000r\000m\000a\000t\000i\000o\000n\000\040\000l\000a\000w\000\040\000f\000o\000r\000\040\000m\000a\000t\000r\000i\000c\000e\000s}{subsection.5.3}% 58
\BOOKMARK [2][-]{subsection.5.4}{\376\377\000S\000i\000m\000i\000l\000a\000r\000\040\000m\000a\000t\000r\000i\000c\000e\000s}{section.5}% 59
\BOOKMARK [2][-]{subsection.5.5}{\376\377\000D\000i\000a\000g\000o\000n\000a\000l\000i\000z\000a\000b\000l\000e\000\040\000m\000a\000t\000r\000i\000c\000e\000s}{section.5}% 60
\BOOKMARK [2][-]{subsection.5.6}{\376\377\000C\000a\000n\000o\000n\000i\000c\000a\000l\000\040\000\050\000J\000o\000r\000d\000a\000n\000\040\000n\000o\000r\000m\000a\000l\000\051\000\040\000f\000o\000r\000m}{section.5}% 61
\BOOKMARK [2][-]{subsection.5.7}{\376\377\000C\000a\000y\000l\000e\000y\000-\000H\000a\000m\000i\000l\000t\000o\000n\000\040\000T\000h\000e\000o\000r\000e\000m}{section.5}% 62
\BOOKMARK [2][-]{subsection.5.8}{\376\377\000E\000i\000g\000e\000n\000v\000a\000l\000u\000e\000s\000\040\000a\000n\000d\000\040\000e\000i\000g\000e\000n\000v\000e\000c\000t\000o\000r\000s\000\040\000o\000f\000\040\000a\000\040\000H\000e\000r\000m\000i\000t\000i\000a\000n\000\040\000m\000a\000t\000r\000i\000x}{section.5}% 63
\BOOKMARK [3][-]{subsubsection.5.8.1}{\376\377\000E\000i\000g\000e\000n\000v\000a\000l\000u\000e\000s\000\040\000a\000n\000d\000\040\000e\000i\000g\000e\000n\000v\000e\000c\000t\000o\000r\000s}{subsection.5.8}% 64
\BOOKMARK [3][-]{subsubsection.5.8.2}{\376\377\000G\000r\000a\000m\000-\000S\000c\000h\000m\000i\000d\000t\000\040\000o\000r\000t\000h\000o\000g\000o\000n\000a\000l\000i\000z\000a\000t\000i\000o\000n\000\040\000\050\000n\000o\000n\000-\000e\000x\000a\000m\000i\000n\000a\000b\000l\000e\000\051}{subsection.5.8}% 65
\BOOKMARK [3][-]{subsubsection.5.8.3}{\376\377\000U\000n\000i\000t\000a\000r\000y\000\040\000t\000r\000a\000n\000s\000f\000o\000r\000m\000a\000t\000i\000o\000n\000s}{subsection.5.8}% 66
\BOOKMARK [3][-]{subsubsection.5.8.4}{\376\377\000D\000i\000a\000g\000o\000n\000a\000l\000i\000z\000a\000t\000i\000o\000n\000\040\000o\000f\000\040\000n\000\040\000x\000\040\000n\000\040\000H\000e\000r\000m\000i\000t\000i\000a\000n\000\040\000m\000a\000t\000r\000i\000c\000e\000s}{subsection.5.8}% 67
\BOOKMARK [3][-]{subsubsection.5.8.5}{\376\377\000N\000o\000r\000m\000a\000l\000\040\000m\000a\000t\000r\000i\000c\000e\000s}{subsection.5.8}% 68
\BOOKMARK [1][-]{section.6}{\376\377\000Q\000u\000a\000d\000r\000a\000t\000i\000c\000\040\000f\000o\000r\000m\000s\000\040\000a\000n\000d\000\040\000c\000o\000n\000i\000c\000s}{}% 69
\BOOKMARK [2][-]{subsection.6.1}{\376\377\000Q\000u\000a\000d\000r\000i\000c\000s\000\040\000a\000n\000d\000\040\000c\000o\000n\000i\000c\000s}{section.6}% 70
\BOOKMARK [3][-]{subsubsection.6.1.1}{\376\377\000Q\000u\000a\000d\000r\000i\000c\000s}{subsection.6.1}% 71
\BOOKMARK [3][-]{subsubsection.6.1.2}{\376\377\000C\000o\000n\000i\000c\000\040\000s\000e\000c\000t\000i\000o\000n\000s\000\040\000\050\000n\000\040\000=\000\040\0002\000\051}{subsection.6.1}% 72
\BOOKMARK [2][-]{subsection.6.2}{\376\377\000F\000o\000c\000u\000s\000-\000d\000i\000r\000e\000c\000t\000r\000i\000x\000\040\000p\000r\000o\000p\000e\000r\000t\000y}{section.6}% 73
\BOOKMARK [1][-]{section.7}{\376\377\000T\000r\000a\000n\000s\000f\000o\000r\000m\000a\000t\000i\000o\000n\000\040\000g\000r\000o\000u\000p\000s}{}% 74
\BOOKMARK [2][-]{subsection.7.1}{\376\377\000T\000h\000e\000\040\000o\000r\000t\000h\000o\000g\000o\000n\000a\000l\000\040\000g\000r\000o\000u\000p}{section.7}% 75
\BOOKMARK [2][-]{subsection.7.2}{\376\377\000L\000e\000n\000g\000t\000h\000-\000p\000r\000e\000s\000e\000r\000v\000i\000n\000g\000\040\000t\000r\000a\000n\000s\000f\000o\000r\000m\000a\000t\000i\000o\000n\000s}{section.7}% 76
\BOOKMARK [2][-]{subsection.7.3}{\376\377\000L\000o\000r\000e\000n\000t\000z\000\040\000t\000r\000a\000n\000s\000f\000o\000r\000m\000a\000t\000i\000o\000n\000s}{section.7}% 77
